5:e: file:///home/runner/work/pawpix/pawpix/composeApp/build.gradle.kts:14:21: Unresolved reference: util
6:e: file:///home/runner/work/pawpix/pawpix/composeApp/build.gradle.kts:14:97: Unresolved reference: load
7:w: file:///home/runner/work/pawpix/pawpix/composeApp/build.gradle.kts:20:50: Elvis operator (?:) always returns the left operand of non-nullable type String
32:* What went wrong:
51:* Exception is:
52:ScriptCompilationException(scriptCompilationErrors=[ScriptCompilationError(message=Unresolved reference: util, location=/home/runner/.gradle/.tmp/gradle-kotlin-dsl-7548940785943516434.tmp/build.gradle.kts (14:21)), ScriptCompilationError(message=Unresolved reference: load, location=/home/runner/.gradle/.tmp/gradle-kotlin-dsl-7548940785943516434.tmp/build.gradle.kts (14:97)), ScriptCompilationError(message=Elvis operator (?:) always returns the left operand of non-nullable type String, location=/home/runner/.gradle/.tmp/gradle-kotlin-dsl-7548940785943516434.tmp/build.gradle.kts (20:50))])
315:BUILD FAILED in 17s
